[2026-05-13 16:44:07] [INFO] [member] [CONNECT] [IPC_]
[2026-05-13 16:44:07] [INFO] [member] [DISCONNECT] [IPC_]
[2026-05-13 16:44:07] [INFO] [contributor] [CONNECT] [IPC_]
[2026-05-13 16:44:07] [INFO] [contributor] [DISCONNECT] [IPC_]
[2026-05-13 16:44:07] [INFO] [contributor] [CONNECT] [ebooks]
[2026-05-13 16:44:07] [INFO] [contributor] [DISCONNECT] [ebooks]
[2026-05-13 16:44:07] [INFO] [contributor] [CONNECT] [IPC_]
[2026-05-13 16:44:07] [INFO] [contributor] [DISCONNECT] [IPC_]
[2026-05-13 16:44:07] [INFO] [contributor] [CONNECT] [sourcecode]
[2026-05-13 16:44:07] [INFO] [contributor] [DISCONNECT] [sourcecode]
[2026-05-13 16:44:07] [INFO] [librarian] [CONNECT] [IPC_]
[2026-05-13 16:44:07] [INFO] [librarian] [DISCONNECT] [IPC_]
[2026-05-13 16:44:07] [INFO] [librarian] [CONNECT] [docs]
[2026-05-13 16:44:07] [INFO] [librarian] [DISCONNECT] [docs]
[2026-05-13 16:44:07] [INFO] [contributor] [CONNECT] [IPC_]
[2026-05-13 16:44:07] [INFO] [contributor] [DISCONNECT] [IPC_]
[2026-05-13 16:44:07] [INFO] [contributor] [CONNECT] [docs]
[2026-05-13 16:44:07] [INFO] [contributor] [DISCONNECT] [docs]
[2026-05-13 16:44:23] [INFO] [member] [CONNECT] [IPC_]
[2026-05-13 16:44:23] [INFO] [member] [DISCONNECT] [IPC_]
[2026-05-13 16:44:43] [INFO] [contributor] [CONNECT] [IPC_]
[2026-05-13 16:44:43] [INFO] [contributor] [DISCONNECT] [IPC_]
[2026-05-13 16:44:43] [INFO] [contributor] [CONNECT] [ebooks]
[2026-05-13 16:44:43] [INFO] [contributor] [DISCONNECT] [ebooks]
[2026-05-13 16:44:43] [INFO] [contributor] [CONNECT] [IPC_]
[2026-05-13 16:44:43] [INFO] [contributor] [DISCONNECT] [IPC_]
[2026-05-13 16:44:43] [INFO] [contributor] [CONNECT] [sourcecode]
[2026-05-13 16:44:43] [INFO] [contributor] [DISCONNECT] [sourcecode]
[2026-05-13 16:44:43] [INFO] [librarian] [CONNECT] [IPC_]
[2026-05-13 16:44:43] [INFO] [librarian] [DISCONNECT] [IPC_]
[2026-05-13 16:44:43] [INFO] [librarian] [CONNECT] [docs]
[2026-05-13 16:44:43] [INFO] [librarian] [DISCONNECT] [docs]
[2026-05-13 16:44:43] [INFO] [contributor] [CONNECT] [IPC_]
[2026-05-13 16:44:43] [INFO] [contributor] [DISCONNECT] [IPC_]
[2026-05-13 16:44:43] [INFO] [contributor] [CONNECT] [docs]
[2026-05-13 16:44:43] [INFO] [contributor] [DISCONNECT] [docs]
